************************************************************************************************************************
*                                                                                                  *   Score: 00000000 *
*                                                                                                  *   FPS:            *
*                                                                                                  *                   *
*                                                                                                  *                   *
*                                                                                                  *                   *
*                                                                                                  *                   *
*                                                                                                  *                   *
*                                                                                                  *                   *
*                                                                                                  *                   *
*                                                                                                  *                   *
*                                                                                                  *                   *
*                                                                                                  *                   *
*                                                                                                  *                   *
*                                                                                                  *                   *
*                                                                                                  *                   *
*                                                                                                  *                   *
*                                                                                                  *                   *
*                                                                                                  *                   *
*                                                                                                  *                   *
*                                                                                                  *                   *
*                                                                                                  *                   *
*                                                                                                  *                   *
*                                                                                                  *                   *
*                                                                                                  *                   *
*                                                                                                  *                   *
*                                                                                                  *                   *
*                                                                                                  *  HP: 10           *
*                                                                                                  *                   *
************************************************************************************************************************