************************************************************************************************************************
*                                                                                                                      *
*                ***     *     *        *     *   *  *   *           *         *     *     ****                        *
*               *       * *    *       * *     * *    * *             *   *   *     * *    *   *                       *
*               * ***  *****   *      *****    * *     *               * * * *     *****   * *                         *
*                ***  *     *  ***** *     *  *   *   *                 *   *     *     *  *  *                        *
*                                                                                                                      *
*                  ==========================================================================                          *
*                                                THE WAR IS COMING                                                     *
*                                                                                                                      *
*                                             This project is made by         .                                   .    *
*                                               Vo Minh Trieu                                                          *
*                                               Nguyen Luong Phuong Thuy                                               *
*          .                  .                 Nguyen Nhi Cam Tien                                .                   *
*                                         .     Nguyen Duc Truc                                                        *
*                         .                                                                                            *
*                                               HCMUS - VNU - 2019       .                                      .      *
*                                                                                                                      *
*                                                    .                                                                 *
*               .                                                                                                      *
*                                          .                             .                           .                 *
*                                                                                                                      *
*                                                                                                                      *
*                 .                                                                                                    *
*                                                                                                                      *
*                         .                          .                       .                                         *
*                                                                                                                .     *
*                                                                                                                      *
*                                                                                                                      *
************************************************************************************************************************