************************************************************************************************************************
*                                                                                                  *   Score: 00000000 *
*                                                                                                  *                   *
*                                                                                                  *                   *
*                                                                                                  *                   *
*               ****                      *                   *
*              *** ***                                                                                  *                   *
*             ***   ***                                                                                  *                   *
*                 ***                                                                            *                   *
*                                                                                                  *                   *
*                                                                                                  *                   *
*                                                                                                  *                   *
*                                                                                                  *                   *
*                                                                                                  *                   *
*                                                                                                  *                   *
*                                                                                                  *                   *
*                                                                                                  *                   *
*                                                                                                  *                   *
*                                                                                                  *                   *
*                                                                                                  *                   *
*                                                                                                  *                   *
*                                                                                                  *                   *
*                                                                                                  *                   *
*                                                                                                  *                   *
*                                                                                                  *                   *
*                                                                                                  *                   *
*                                                                                                  *                   *
*                                                                                                  *  HP: 10           *
*                                                                                                  *                   *
************************************************************************************************************************