************************************************************************************************************************
*                    ***   ***  *****  **    *  *     *                           *              HELP                  *
*                    *  * *  *  *      * *   *  *     *                           *                                    *
*                    *   *   *  *****  *  *  *  *     *                           *                                    *
*                    *       *  *      *   * *  *     *                           *   You will control the spacecraft  *
*                    *       *  *****  *    **  *******                           * to shoot down enemies, meteorites  *
*                                                                                 * and bosses. Items will appear      *
*             ======================================================              * randomly, get them to recover and  *
*                                                                                 * upgrade your spacecraft.           *
*                                                                                 *                                    *
*                                                                                 * Guide: Press 4 arrow keys to move. *
*                                    NEW GAME                                     * Bullets are shooted automatically. *
*                                   LEADERBOARD                                   * Game ends when you lose all of your*
*                                      HELP                                       * HP.                                *
*                                      EXIT                                       *                                    *
*                                                                                 *                                    *
*                                                                                 *         ----GOOD LUCK------        *
*                                                                                 *                                    *
*                                                                                 *                                    *
*                                                                                 *                                    *
*                                                                                 *                                    *
*                                                                                 *                                    *
*                                                                                 *                                    *
*                                                                                 *                                    *
*                                                                                 *                                    *
*                                 HCMUS - VNU -2019                               *                                    *
*                                                                                 *                                    *
*                                    @MIT LICENSE                                 *                                    *
*                                                                                 *                                    *
************************************************************************************************************************