************************************************************************************************************************
*                    ***   ***  *****  **    *  *     *                           *                                    *
*                    *  * *  *  *      * *   *  *     *                           *                                    *
*                    *   *   *  *****  *  *  *  *     *                           *                                    *
*                    *       *  *      *   * *  *     *                           *                                    *
*                    *       *  *****  *    **  *******                           *                                    *
*                                                                                 *                                    *
*             ======================================================              *                                    *
*                                                                                 *                                    *
*                                                                                 *                                    *
*                                                                                 *                                    *
*                                    NEW GAME                                     *                                    *
*                                   LEADERBOARD                                   *                                    *
*                                      HELP                                       *                                    *
*                                      EXIT                                       *                                    *
*                                                                                 *                                    *
*                                                                                 *                                    *
*                                                                                 *                                    *
*                                                                                 *                                    *
*                                                                                 *                                    *
*                                                                                 *                                    *
*                                                                                 *                                    *
*                                                                                 *                                    *
*                                                                                 *                                    *
*                                                                                 *                                    *
*                                 HCMUS - VNU -2019                               *                                    *
*                                                                                 *                                    *
*                                    @MIT LICENCE                                 *                                    *
*                                                                                 *                                    *
************************************************************************************************************************